<?xml version="1.0"?>
<testsuites>
  <testsuite name="Chrome 31.0.1650 (Mac OS X 10.9.0)" package="" timestamp="2013-11-16T11:14:52" id="0" hostname="wing.lan" tests="56" errors="0" failures="0" time="0.265">
    <properties>
      <property name="browser.fullName" value="Mozilla/5.0 (Macintosh; Intel Mac OS X 10_9_0) AppleWebKit/537.36 (KHTML, like Gecko) Chrome/31.0.1650.57 Safari/537.36"/>
    </properties>
    <testcase name="should initialize with empty project list, etc." time="0.032" classname="Chrome 31.0.1650 (Mac OS X 10.9.0).Controller: DashboardProjectsCtrl"/>
    <testcase name="should use projects provided from service when receiving &quot;onProjectsRefreshed&quot; event" time="0.004" classname="Chrome 31.0.1650 (Mac OS X 10.9.0).Controller: DashboardProjectsCtrl"/>
    <testcase name="should return the reference of the project with id" time="0.004" classname="Chrome 31.0.1650 (Mac OS X 10.9.0).Controller: DashboardProjectsCtrl"/>
    <testcase name="should create a new project using the TimerService" time="0.003" classname="Chrome 31.0.1650 (Mac OS X 10.9.0).Controller: DashboardProjectsCtrl"/>
    <testcase name="should call removeProject in TimerService" time="0.003" classname="Chrome 31.0.1650 (Mac OS X 10.9.0).Controller: DashboardProjectsCtrl"/>
    <testcase name="should should call updateProject in TimerService" time="0.002" classname="Chrome 31.0.1650 (Mac OS X 10.9.0).Controller: DashboardProjectsCtrl"/>
    <testcase name="should just start a timer for the given project" time="0.005" classname="Chrome 31.0.1650 (Mac OS X 10.9.0).Controller: DashboardProjectsCtrl"/>
    <testcase name="should stop active timer when project is active" time="0.003" classname="Chrome 31.0.1650 (Mac OS X 10.9.0).Controller: DashboardProjectsCtrl"/>
    <testcase name="should create a new timer task and stop the running one when project is active" time="0.004" classname="Chrome 31.0.1650 (Mac OS X 10.9.0).Controller: DashboardProjectsCtrl"/>
    <testcase name="should handle onProjectUpdated event" time="0.003" classname="Chrome 31.0.1650 (Mac OS X 10.9.0).Controller: DashboardProjectsCtrl test the events"/>
    <testcase name="should handle the onProjectsRefreshed event" time="0.002" classname="Chrome 31.0.1650 (Mac OS X 10.9.0).Controller: DashboardProjectsCtrl test the events"/>
    <testcase name="it should format the end time properly for a time entry" time="0.005" classname="Chrome 31.0.1650 (Mac OS X 10.9.0).Controller: DashboardTimeEntriesCtrl General tests"/>
    <testcase name="should return the time difference in a formatted string" time="0.004" classname="Chrome 31.0.1650 (Mac OS X 10.9.0).Controller: DashboardTimeEntriesCtrl General tests"/>
    <testcase name="should return the time difference in a formatted string" time="0.002" classname="Chrome 31.0.1650 (Mac OS X 10.9.0).Controller: DashboardTimeEntriesCtrl General tests"/>
    <testcase name="should not return the time entry with id 1 when not yet initialized" time="0.002" classname="Chrome 31.0.1650 (Mac OS X 10.9.0).Controller: DashboardTimeEntriesCtrl General tests"/>
    <testcase name="should return the time entry with the provider id" time="0.002" classname="Chrome 31.0.1650 (Mac OS X 10.9.0).Controller: DashboardTimeEntriesCtrl General tests"/>
    <testcase name="should remove the time entry" time="0.005" classname="Chrome 31.0.1650 (Mac OS X 10.9.0).Controller: DashboardTimeEntriesCtrl General tests"/>
    <testcase name="should attach a list of awesomeThings to the scope" time="0.002" classname="Chrome 31.0.1650 (Mac OS X 10.9.0).Controller: MainCtrl"/>
    <testcase name="should attach a list of awesomeThings to the scope" time="0.001" classname="Chrome 31.0.1650 (Mac OS X 10.9.0).Controller: AboutCtrl"/>
    <testcase name="should login successfully" time="0.004" classname="Chrome 31.0.1650 (Mac OS X 10.9.0).Controller: LoginCtrl"/>
    <testcase name="should fail login" time="0.003" classname="Chrome 31.0.1650 (Mac OS X 10.9.0).Controller: LoginCtrl"/>
    <testcase name="should register successfully" time="0.015" classname="Chrome 31.0.1650 (Mac OS X 10.9.0).Controller: RegisterCtrl"/>
    <testcase name="should handle registration failure gracefully" time="0.006" classname="Chrome 31.0.1650 (Mac OS X 10.9.0).Controller: RegisterCtrl"/>
    <testcase name="should attach a list of awesomeThings to the scope" time="0.002" classname="Chrome 31.0.1650 (Mac OS X 10.9.0).Controller: ReportsCtrl"/>
    <testcase name="should return the filtered dates for ../1970" time="0.006" classname="Chrome 31.0.1650 (Mac OS X 10.9.0).Filter: dateFilter"/>
    <testcase name="should return the filtered dates for ../1971" time="0.001" classname="Chrome 31.0.1650 (Mac OS X 10.9.0).Filter: dateFilter"/>
    <testcase name="should return the filtered dates for ../1972" time="0.001" classname="Chrome 31.0.1650 (Mac OS X 10.9.0).Filter: dateFilter"/>
    <testcase name="should return the filtered dates for ../1973" time="0.001" classname="Chrome 31.0.1650 (Mac OS X 10.9.0).Filter: dateFilter"/>
    <testcase name="should do something" time="0.004" classname="Chrome 31.0.1650 (Mac OS X 10.9.0).Service: TpsConstants"/>
    <testcase name="should get the currenly logged in person" time="0.005" classname="Chrome 31.0.1650 (Mac OS X 10.9.0).Service: PersonService getPerson"/>
    <testcase name="should fail gracefully when token has expired or is invalid" time="0.003" classname="Chrome 31.0.1650 (Mac OS X 10.9.0).Service: PersonService getPerson"/>
    <testcase name="should return the -1 when no project is active" time="0.003" classname="Chrome 31.0.1650 (Mac OS X 10.9.0).Service: PersonService getActiveProjectId"/>
    <testcase name="should return the project id when no user is logged in" time="0.003" classname="Chrome 31.0.1650 (Mac OS X 10.9.0).Service: PersonService getActiveProjectId"/>
    <testcase name="should set the active time entry" time="0.007" classname="Chrome 31.0.1650 (Mac OS X 10.9.0).Service: PersonService person is loaded"/>
    <testcase name="setActiveTimeEntry should handle backend error gracefully" time="0.005" classname="Chrome 31.0.1650 (Mac OS X 10.9.0).Service: PersonService person is loaded"/>
    <testcase name="should login successfully" time="0.008" classname="Chrome 31.0.1650 (Mac OS X 10.9.0).Service: PersonService login tests"/>
    <testcase name="should fail login on authentication failure" time="0.002" classname="Chrome 31.0.1650 (Mac OS X 10.9.0).Service: PersonService login tests"/>
    <testcase name="should fail gracefully in the unlikely event that authentication suceeded but it failed to get the person" time="0.005" classname="Chrome 31.0.1650 (Mac OS X 10.9.0).Service: PersonService login tests"/>
    <testcase name="should set the current time" time="0.003" classname="Chrome 31.0.1650 (Mac OS X 10.9.0).Service: TimerService getTimeEntries"/>
    <testcase name="should start and stop the timer successfully" time="0.014" classname="Chrome 31.0.1650 (Mac OS X 10.9.0).Service: TimerService Persons, projects and time entries loaded"/>
    <testcase name="should not stop the timer when there are no active projects" time="0.006" classname="Chrome 31.0.1650 (Mac OS X 10.9.0).Service: TimerService Persons, projects and time entries loaded"/>
    <testcase name="should handle null value for person gracefully" time="0.005" classname="Chrome 31.0.1650 (Mac OS X 10.9.0).Service: TimerService Persons, projects and time entries loaded"/>
    <testcase name="should handle null value for project gracefully" time="0.006" classname="Chrome 31.0.1650 (Mac OS X 10.9.0).Service: TimerService Persons, projects and time entries loaded"/>
    <testcase name="should return empty list when project list has not been refreshProjected/initialized" time="0.002" classname="Chrome 31.0.1650 (Mac OS X 10.9.0).Service: TimerService, CRUD tests for Project Test empty lists"/>
    <testcase name="should return project list when project list has been refreshProjected/initialized" time="0.003" classname="Chrome 31.0.1650 (Mac OS X 10.9.0).Service: TimerService, CRUD tests for Project CRUD tests with an initialized project list"/>
    <testcase name="should get the project with the provided id" time="0.003" classname="Chrome 31.0.1650 (Mac OS X 10.9.0).Service: TimerService, CRUD tests for Project CRUD tests with an initialized project list"/>
    <testcase name="should remove the project with the provided id" time="0.003" classname="Chrome 31.0.1650 (Mac OS X 10.9.0).Service: TimerService, CRUD tests for Project CRUD tests with an initialized project list"/>
    <testcase name="should update the provided project" time="0.008" classname="Chrome 31.0.1650 (Mac OS X 10.9.0).Service: TimerService, CRUD tests for Project CRUD tests with an initialized project list"/>
    <testcase name="should create a new project when project has no id" time="0.005" classname="Chrome 31.0.1650 (Mac OS X 10.9.0).Service: TimerService, CRUD tests for Project CRUD tests with an initialized project list"/>
    <testcase name="should mark the project as active" time="0.004" classname="Chrome 31.0.1650 (Mac OS X 10.9.0).Service: TimerService, CRUD tests for Project CRUD tests with an initialized project list"/>
    <testcase name="should return the time entry with the provided id" time="0.003" classname="Chrome 31.0.1650 (Mac OS X 10.9.0).Service: TimerService - CRUD operations for TimeEntry"/>
    <testcase name="should remove the provided time entry" time="0.006" classname="Chrome 31.0.1650 (Mac OS X 10.9.0).Service: TimerService - CRUD operations for TimeEntry"/>
    <testcase name="should update the time entry with a valid id" time="0.005" classname="Chrome 31.0.1650 (Mac OS X 10.9.0).Service: TimerService - CRUD operations for TimeEntry"/>
    <testcase name="should handle an update for an id which does not exist" time="0.008" classname="Chrome 31.0.1650 (Mac OS X 10.9.0).Service: TimerService - CRUD operations for TimeEntry"/>
    <testcase name="should handle an update with a HTTP error" time="0.005" classname="Chrome 31.0.1650 (Mac OS X 10.9.0).Service: TimerService - CRUD operations for TimeEntry"/>
    <testcase name="should handle an update that returns HTTP error" time="0.004" classname="Chrome 31.0.1650 (Mac OS X 10.9.0).Service: TimerService - CRUD operations for TimeEntry"/>
    <system-out><![CDATA[Chrome 31.0.1650 (Mac OS X 10.9.0) LOG: LOG
 'Initiating DashboardProjectsCtrl',Chrome 31.0.1650 (Mac OS X 10.9.0) LOG: LOG
 'TimerServiceMock::reloadProject called',Chrome 31.0.1650 (Mac OS X 10.9.0) LOG: LOG
 'Initiating DashboardProjectsCtrl',Chrome 31.0.1650 (Mac OS X 10.9.0) LOG: LOG
 'TimerServiceMock::reloadProject called',Chrome 31.0.1650 (Mac OS X 10.9.0) LOG: LOG
 'EVENT: DashboardProjectsCtrl::onProjectsRefreshed(size [%d])', 3,Chrome 31.0.1650 (Mac OS X 10.9.0) LOG: LOG
 'Initiating DashboardProjectsCtrl',Chrome 31.0.1650 (Mac OS X 10.9.0) LOG: LOG
 'TimerServiceMock::reloadProject called',Chrome 31.0.1650 (Mac OS X 10.9.0) LOG: LOG
 'createProjectFromScope::getById([%d])', 2,Chrome 31.0.1650 (Mac OS X 10.9.0) LOG: LOG
 'Initiating DashboardProjectsCtrl',Chrome 31.0.1650 (Mac OS X 10.9.0) LOG: LOG
 'TimerServiceMock::reloadProject called',Chrome 31.0.1650 (Mac OS X 10.9.0) LOG: LOG
 'DashboardProjectsCtrl::createProjectFromScope(name: %s, id: %d)', 'New Project', undefined,Chrome 31.0.1650 (Mac OS X 10.9.0) LOG: LOG
 'TimerServiceMock:updateProject called',Chrome 31.0.1650 (Mac OS X 10.9.0) LOG: LOG
 'Initiating DashboardProjectsCtrl',Chrome 31.0.1650 (Mac OS X 10.9.0) LOG: LOG
 'TimerServiceMock::reloadProject called',Chrome 31.0.1650 (Mac OS X 10.9.0) LOG: LOG
 'TimerServiceMock:removeProject called',Chrome 31.0.1650 (Mac OS X 10.9.0) LOG: LOG
 'Initiating DashboardProjectsCtrl',Chrome 31.0.1650 (Mac OS X 10.9.0) LOG: LOG
 'TimerServiceMock::reloadProject called',Chrome 31.0.1650 (Mac OS X 10.9.0) LOG: LOG
 'TimerServiceMock:updateProject called',Chrome 31.0.1650 (Mac OS X 10.9.0) LOG: LOG
 'Initiating DashboardProjectsCtrl',Chrome 31.0.1650 (Mac OS X 10.9.0) LOG: LOG
 'TimerServiceMock::reloadProject called',Chrome 31.0.1650 (Mac OS X 10.9.0) LOG: LOG
 'DashboardProjectsCtrl::startTimer -  project id: %d', 1,Chrome 31.0.1650 (Mac OS X 10.9.0) LOG: LOG
 'TimerServiceMock:stopTimer called',Chrome 31.0.1650 (Mac OS X 10.9.0) LOG: LOG
 'TimerServiceMock::stopTimer done',Chrome 31.0.1650 (Mac OS X 10.9.0) LOG: LOG
 'TimerServiceMock:startTimer called',Chrome 31.0.1650 (Mac OS X 10.9.0) LOG: LOG
 'Initiating DashboardProjectsCtrl',Chrome 31.0.1650 (Mac OS X 10.9.0) LOG: LOG
 'TimerServiceMock::reloadProject called',Chrome 31.0.1650 (Mac OS X 10.9.0) LOG: LOG
 'DashboardProjectsCtrl::startTimer -  project id: %d', 1,Chrome 31.0.1650 (Mac OS X 10.9.0) LOG: LOG
 'TimerServiceMock:stopTimer called',Chrome 31.0.1650 (Mac OS X 10.9.0) LOG: LOG
 'TimerServiceMock::stopTimer done',Chrome 31.0.1650 (Mac OS X 10.9.0) LOG: LOG
 'TimerServiceMock:startTimer called',Chrome 31.0.1650 (Mac OS X 10.9.0) LOG: LOG
 'Initiating DashboardProjectsCtrl',Chrome 31.0.1650 (Mac OS X 10.9.0) LOG: LOG
 'TimerServiceMock::reloadProject called',Chrome 31.0.1650 (Mac OS X 10.9.0) LOG: LOG
 'Initiating DashboardProjectsCtrl',Chrome 31.0.1650 (Mac OS X 10.9.0) LOG: LOG
 'TimerServiceMock::reloadProject called',Chrome 31.0.1650 (Mac OS X 10.9.0) LOG: INFO
 'EVENT: onProjectUpdated([%d])', 1,Chrome 31.0.1650 (Mac OS X 10.9.0) LOG: LOG
 'createProjectFromScope::getById([%d])', 1,Chrome 31.0.1650 (Mac OS X 10.9.0) LOG: ERROR
 'DashboardProjectsCtrl::onProjectUpdated - Failed to find matching project in controller, add it?',Chrome 31.0.1650 (Mac OS X 10.9.0) LOG: LOG
 'Initiating DashboardProjectsCtrl',Chrome 31.0.1650 (Mac OS X 10.9.0) LOG: LOG
 'TimerServiceMock::reloadProject called',Chrome 31.0.1650 (Mac OS X 10.9.0) LOG: LOG
 'EVENT: DashboardProjectsCtrl::onProjectsRefreshed(size [%d])', undefined,Chrome 31.0.1650 (Mac OS X 10.9.0) LOG: LOG
 'EVENT: DashboardProjectsCtrl::onProjectsRefreshed(size [%d])', 3,Chrome 31.0.1650 (Mac OS X 10.9.0) LOG: LOG
 'Initiating DashboardTimeEntriesCtrl',Chrome 31.0.1650 (Mac OS X 10.9.0) LOG: LOG
 'TimerServiceMock::getTimeEntries',Chrome 31.0.1650 (Mac OS X 10.9.0) LOG: LOG
 'Initiating DashboardTimeEntriesCtrl',Chrome 31.0.1650 (Mac OS X 10.9.0) LOG: LOG
 'TimerServiceMock::getTimeEntries',Chrome 31.0.1650 (Mac OS X 10.9.0) LOG: LOG
 'Initiating DashboardTimeEntriesCtrl',Chrome 31.0.1650 (Mac OS X 10.9.0) LOG: LOG
 'TimerServiceMock::getTimeEntries',Chrome 31.0.1650 (Mac OS X 10.9.0) LOG: LOG
 'Initiating DashboardTimeEntriesCtrl',Chrome 31.0.1650 (Mac OS X 10.9.0) LOG: LOG
 'TimerServiceMock::getTimeEntries',Chrome 31.0.1650 (Mac OS X 10.9.0) LOG: LOG
 'Initiating DashboardTimeEntriesCtrl',Chrome 31.0.1650 (Mac OS X 10.9.0) LOG: LOG
 'TimerServiceMock::getTimeEntries',Chrome 31.0.1650 (Mac OS X 10.9.0) LOG: LOG
 'EVENT: DashboardTimeEntriesCtrl::onTimeEntriesRefreshed(count [%d])', 2,Chrome 31.0.1650 (Mac OS X 10.9.0) LOG: LOG
 'Initiating DashboardTimeEntriesCtrl',Chrome 31.0.1650 (Mac OS X 10.9.0) LOG: LOG
 'TimerServiceMock::getTimeEntries',Chrome 31.0.1650 (Mac OS X 10.9.0) LOG: LOG
 'EVENT: DashboardTimeEntriesCtrl::onTimeEntriesRefreshed(count [%d])', 2,Chrome 31.0.1650 (Mac OS X 10.9.0) LOG: LOG
 'DashboardTimeEntriesCtrl::removeTimeEntry(%d)', 1,Chrome 31.0.1650 (Mac OS X 10.9.0) LOG: LOG
 'login(username [%s], password [%s])', 'usernameA', 'passwordA',Chrome 31.0.1650 (Mac OS X 10.9.0) LOG: LOG
 'LoginCtrl::login - Successfully authenticated, user: %s', 'usernameA',Chrome 31.0.1650 (Mac OS X 10.9.0) LOG: LOG
 'login(username [%s], password [%s])', 'usernameB', 'passwordB',Chrome 31.0.1650 (Mac OS X 10.9.0) LOG: ERROR
 undefined,Chrome 31.0.1650 (Mac OS X 10.9.0) LOG: LOG
 'Register, email: %s', 'email',Chrome 31.0.1650 (Mac OS X 10.9.0) LOG: LOG
 'Successfully registered user',Chrome 31.0.1650 (Mac OS X 10.9.0) LOG: LOG
 'Register, email: %s', 'email',Chrome 31.0.1650 (Mac OS X 10.9.0) LOG: ERROR
 'Failed to register user, error: %s', Object{data: undefined, status: 401, headers: function (name) { ... }, config: Object{transformRequest: [...], transformResponse: [...], method: 'GET', params: Object{email: ..., password: ...}, headers: Object{Accept: ...}, url: 'http://localhost:8080/api/api/registration'}},Chrome 31.0.1650 (Mac OS X 10.9.0) LOG: LOG
 'PersonService:getPerson',Chrome 31.0.1650 (Mac OS X 10.9.0) LOG: LOG
 'PersonService:getPerson - OK (backend)',Chrome 31.0.1650 (Mac OS X 10.9.0) LOG: LOG
 'PersonService:getPerson',Chrome 31.0.1650 (Mac OS X 10.9.0) LOG: LOG
 'PersonService:getPerson - OK (local)',Chrome 31.0.1650 (Mac OS X 10.9.0) LOG: LOG
 'PersonService:getPerson',Chrome 31.0.1650 (Mac OS X 10.9.0) LOG: ERROR
 'PersonService:getPerson - %s', 'Failed to load the person from backend',Chrome 31.0.1650 (Mac OS X 10.9.0) LOG: LOG
 'PersonService:getPerson',Chrome 31.0.1650 (Mac OS X 10.9.0) LOG: LOG
 'PersonService:getPerson - OK (backend)',Chrome 31.0.1650 (Mac OS X 10.9.0) LOG: LOG
 'PersonService::getActiveProjectId - No active project',Chrome 31.0.1650 (Mac OS X 10.9.0) LOG: LOG
 'PersonService:getPerson',Chrome 31.0.1650 (Mac OS X 10.9.0) LOG: LOG
 'PersonService:getPerson - OK (backend)',Chrome 31.0.1650 (Mac OS X 10.9.0) LOG: LOG
 'PersonService::getActiveProjectId(id [%d])', 301,Chrome 31.0.1650 (Mac OS X 10.9.0) LOG: LOG
 'PersonService:getPerson',Chrome 31.0.1650 (Mac OS X 10.9.0) LOG: LOG
 'PersonService:getPerson - OK (backend)',Chrome 31.0.1650 (Mac OS X 10.9.0) LOG: LOG
 'PersonService:setActiveTimeEntry(id [%d])', 201,Chrome 31.0.1650 (Mac OS X 10.9.0) LOG: LOG
 'PersonService:::setActiveTimeEntry - No project stopped',Chrome 31.0.1650 (Mac OS X 10.9.0) LOG: LOG
 'BROADCAST: onProjectUpdated (id [%d])', 301,Chrome 31.0.1650 (Mac OS X 10.9.0) LOG: LOG
 'PersonService:getPerson',Chrome 31.0.1650 (Mac OS X 10.9.0) LOG: LOG
 'PersonService:getPerson - OK (backend)',Chrome 31.0.1650 (Mac OS X 10.9.0) LOG: LOG
 'PersonService:setActiveTimeEntry(id [%d])', 201,Chrome 31.0.1650 (Mac OS X 10.9.0) LOG: ERROR
 'PersonService::setActiveTimeEntry failed. %s', Object{data: undefined, status: 401, headers: function (name) { ... }, config: Object{transformRequest: [...], transformResponse: [...], method: 'PUT', headers: Object{Accept: ..., Content-Type: ...}, url: 'http://localhost:8080/api/api/person/1', data: Object{id: ..., username: ..., activeTimeEntry: ..., withHttpConfig: ..., one: ..., all: ..., several: ..., oneUrl: ..., allUrl: ..., customOperation: ..., doPUT: ..., customPUT: ..., doPOST: ..., customPOST: ..., doGET: ..., customGET: ..., doDELETE: ..., customDELETE: ..., customGETLIST: ..., doGETLIST: ...}}},Chrome 31.0.1650 (Mac OS X 10.9.0) LOG: LOG
 'PersonService::login',Chrome 31.0.1650 (Mac OS X 10.9.0) LOG: LOG
 'PersonService::login - Received authentication token for user: %s', undefined,Chrome 31.0.1650 (Mac OS X 10.9.0) LOG: LOG
 'PersonService:getPerson',Chrome 31.0.1650 (Mac OS X 10.9.0) LOG: LOG
 'PersonService:getPerson - OK (backend)',Chrome 31.0.1650 (Mac OS X 10.9.0) LOG: LOG
 'BROADCAST: onLoggedIn (id [%d])', 1,Chrome 31.0.1650 (Mac OS X 10.9.0) LOG: LOG
 'PersonService::login',Chrome 31.0.1650 (Mac OS X 10.9.0) LOG: ERROR
 'PersonService::login - Login failed',Chrome 31.0.1650 (Mac OS X 10.9.0) LOG: LOG
 'PersonService::login',Chrome 31.0.1650 (Mac OS X 10.9.0) LOG: LOG
 'PersonService::login - Received authentication token for user: %s', undefined,Chrome 31.0.1650 (Mac OS X 10.9.0) LOG: LOG
 'PersonService:getPerson',Chrome 31.0.1650 (Mac OS X 10.9.0) LOG: ERROR
 'PersonService:getPerson - %s', 'Failed to load the person from backend',Chrome 31.0.1650 (Mac OS X 10.9.0) LOG: LOG
 'PersonService:getPerson',Chrome 31.0.1650 (Mac OS X 10.9.0) LOG: LOG
 'PersonService:getPerson - OK (backend)',Chrome 31.0.1650 (Mac OS X 10.9.0) LOG: LOG
 'TimerService::reloadProject',Chrome 31.0.1650 (Mac OS X 10.9.0) LOG: LOG
 'TimerService::reloadProject - List retrieved from backend, size: %d', 2,Chrome 31.0.1650 (Mac OS X 10.9.0) LOG: LOG
 'PersonService::getActiveProjectId - No active project',Chrome 31.0.1650 (Mac OS X 10.9.0) LOG: LOG
 'BROADCAST: onProjectsRefreshed',Chrome 31.0.1650 (Mac OS X 10.9.0) LOG: LOG
 'TimerService::getTimeEntries',Chrome 31.0.1650 (Mac OS X 10.9.0) LOG: LOG
 'TimerService::getTimeEntries - List retrieved from backend, size: %d', 1,Chrome 31.0.1650 (Mac OS X 10.9.0) LOG: LOG
 'BROADCAST onTimeEntriesRefreshed',Chrome 31.0.1650 (Mac OS X 10.9.0) LOG: LOG
 'PersonService:getPerson',Chrome 31.0.1650 (Mac OS X 10.9.0) LOG: LOG
 'PersonService:getPerson - OK (local)',Chrome 31.0.1650 (Mac OS X 10.9.0) LOG: LOG
 'timerService::startTimer',Chrome 31.0.1650 (Mac OS X 10.9.0) LOG: LOG
 'PersonService:getPerson',Chrome 31.0.1650 (Mac OS X 10.9.0) LOG: LOG
 'PersonService:getPerson - OK (local)',Chrome 31.0.1650 (Mac OS X 10.9.0) LOG: LOG
 'timerService::startTimer - Time entry created at backend(id [%d]', 201,Chrome 31.0.1650 (Mac OS X 10.9.0) LOG: LOG
 'TimerService::setActive - %d', true,Chrome 31.0.1650 (Mac OS X 10.9.0) LOG: LOG
 'TimerService::getProject(id [%d])', 301,Chrome 31.0.1650 (Mac OS X 10.9.0) LOG: LOG
 'PersonService:setActiveTimeEntry(id [%d])', 201,Chrome 31.0.1650 (Mac OS X 10.9.0) LOG: LOG
 'PersonService:::setActiveTimeEntry - No project stopped',Chrome 31.0.1650 (Mac OS X 10.9.0) LOG: LOG
 'BROADCAST: onProjectUpdated (id [%d])', 301,Chrome 31.0.1650 (Mac OS X 10.9.0) LOG: LOG
 'timerService::startTimer - OK',Chrome 31.0.1650 (Mac OS X 10.9.0) LOG: LOG
 'BROADCAST: onTimeEntryUpdated',Chrome 31.0.1650 (Mac OS X 10.9.0) LOG: LOG
 'timerService::stopTimer',Chrome 31.0.1650 (Mac OS X 10.9.0) LOG: LOG
 'PersonService:getPerson',Chrome 31.0.1650 (Mac OS X 10.9.0) LOG: LOG
 'PersonService:getPerson - OK (local)',Chrome 31.0.1650 (Mac OS X 10.9.0) LOG: LOG
 'timerService::stopTimer - Got an active project',Chrome 31.0.1650 (Mac OS X 10.9.0) LOG: LOG
 'TimerService::updateTimeEntry(id: [%d])', 201,Chrome 31.0.1650 (Mac OS X 10.9.0) LOG: LOG
 'TimerService::updateTimeEntry - OK',Chrome 31.0.1650 (Mac OS X 10.9.0) LOG: LOG
 'timerService::stopTimer - Time entry updated at backend',Chrome 31.0.1650 (Mac OS X 10.9.0) LOG: LOG
 'PersonService:setActiveTimeEntry(id [%d])', null,Chrome 31.0.1650 (Mac OS X 10.9.0) LOG: LOG
 'BROADCAST: onProjectUpdated (id [%d])', 301,Chrome 31.0.1650 (Mac OS X 10.9.0) LOG: LOG
 'PersonService:::setActiveTimeEntry - No project started',Chrome 31.0.1650 (Mac OS X 10.9.0) LOG: LOG
 'timerService::stopTimer - OK',Chrome 31.0.1650 (Mac OS X 10.9.0) LOG: LOG
 'PersonService:getPerson',Chrome 31.0.1650 (Mac OS X 10.9.0) LOG: LOG
 'PersonService:getPerson - OK (backend)',Chrome 31.0.1650 (Mac OS X 10.9.0) LOG: LOG
 'TimerService::reloadProject',Chrome 31.0.1650 (Mac OS X 10.9.0) LOG: LOG
 'TimerService::reloadProject - List retrieved from backend, size: %d', 2,Chrome 31.0.1650 (Mac OS X 10.9.0) LOG: LOG
 'PersonService::getActiveProjectId - No active project',Chrome 31.0.1650 (Mac OS X 10.9.0) LOG: LOG
 'BROADCAST: onProjectsRefreshed',Chrome 31.0.1650 (Mac OS X 10.9.0) LOG: LOG
 'TimerService::getTimeEntries',Chrome 31.0.1650 (Mac OS X 10.9.0) LOG: LOG
 'TimerService::getTimeEntries - List retrieved from backend, size: %d', 1,Chrome 31.0.1650 (Mac OS X 10.9.0) LOG: LOG
 'BROADCAST onTimeEntriesRefreshed',Chrome 31.0.1650 (Mac OS X 10.9.0) LOG: LOG
 'timerService::stopTimer',Chrome 31.0.1650 (Mac OS X 10.9.0) LOG: LOG
 'PersonService:getPerson',Chrome 31.0.1650 (Mac OS X 10.9.0) LOG: LOG
 'PersonService:getPerson - OK (local)',Chrome 31.0.1650 (Mac OS X 10.9.0) LOG: LOG
 'timerService::stopTimer - This person has no active timer',Chrome 31.0.1650 (Mac OS X 10.9.0) LOG: LOG
 'PersonService:getPerson',Chrome 31.0.1650 (Mac OS X 10.9.0) LOG: LOG
 'PersonService:getPerson - OK (backend)',Chrome 31.0.1650 (Mac OS X 10.9.0) LOG: LOG
 'TimerService::reloadProject',Chrome 31.0.1650 (Mac OS X 10.9.0) LOG: LOG
 'TimerService::reloadProject - List retrieved from backend, size: %d', 2,Chrome 31.0.1650 (Mac OS X 10.9.0) LOG: LOG
 'PersonService::getActiveProjectId - No active project',Chrome 31.0.1650 (Mac OS X 10.9.0) LOG: LOG
 'BROADCAST: onProjectsRefreshed',Chrome 31.0.1650 (Mac OS X 10.9.0) LOG: LOG
 'TimerService::getTimeEntries',Chrome 31.0.1650 (Mac OS X 10.9.0) LOG: LOG
 'TimerService::getTimeEntries - List retrieved from backend, size: %d', 1,Chrome 31.0.1650 (Mac OS X 10.9.0) LOG: LOG
 'BROADCAST onTimeEntriesRefreshed',Chrome 31.0.1650 (Mac OS X 10.9.0) LOG: LOG
 'timerService::stopTimer',Chrome 31.0.1650 (Mac OS X 10.9.0) LOG: LOG
 'PersonService:getPerson',Chrome 31.0.1650 (Mac OS X 10.9.0) LOG: LOG
 'PersonService:getPerson - OK (local)',Chrome 31.0.1650 (Mac OS X 10.9.0) LOG: LOG
 'timerService::stopTimer - This person has no active timer',Chrome 31.0.1650 (Mac OS X 10.9.0) LOG: LOG
 'PersonService:getPerson',Chrome 31.0.1650 (Mac OS X 10.9.0) LOG: LOG
 'PersonService:getPerson - OK (backend)',Chrome 31.0.1650 (Mac OS X 10.9.0) LOG: LOG
 'TimerService::reloadProject',Chrome 31.0.1650 (Mac OS X 10.9.0) LOG: LOG
 'TimerService::reloadProject - List retrieved from backend, size: %d', 2,Chrome 31.0.1650 (Mac OS X 10.9.0) LOG: LOG
 'PersonService::getActiveProjectId - No active project',Chrome 31.0.1650 (Mac OS X 10.9.0) LOG: LOG
 'BROADCAST: onProjectsRefreshed',Chrome 31.0.1650 (Mac OS X 10.9.0) LOG: LOG
 'TimerService::getTimeEntries',Chrome 31.0.1650 (Mac OS X 10.9.0) LOG: LOG
 'TimerService::getTimeEntries - List retrieved from backend, size: %d', 1,Chrome 31.0.1650 (Mac OS X 10.9.0) LOG: LOG
 'BROADCAST onTimeEntriesRefreshed',Chrome 31.0.1650 (Mac OS X 10.9.0) LOG: LOG
 'timerService::stopTimer',Chrome 31.0.1650 (Mac OS X 10.9.0) LOG: LOG
 'PersonService:getPerson',Chrome 31.0.1650 (Mac OS X 10.9.0) LOG: LOG
 'PersonService:getPerson - OK (local)',Chrome 31.0.1650 (Mac OS X 10.9.0) LOG: LOG
 'timerService::stopTimer - This person has no active timer',Chrome 31.0.1650 (Mac OS X 10.9.0) LOG: LOG
 'TimerService::reloadProject',Chrome 31.0.1650 (Mac OS X 10.9.0) LOG: LOG
 'TimerService::reloadProject - List retrieved from backend, size: %d', 2,Chrome 31.0.1650 (Mac OS X 10.9.0) LOG: LOG
 'PersonService::getActiveProjectId - No active project',Chrome 31.0.1650 (Mac OS X 10.9.0) LOG: LOG
 'BROADCAST: onProjectsRefreshed',Chrome 31.0.1650 (Mac OS X 10.9.0) LOG: LOG
 'init list',Chrome 31.0.1650 (Mac OS X 10.9.0) LOG: LOG
 'TimerService::reloadProject',Chrome 31.0.1650 (Mac OS X 10.9.0) LOG: LOG
 'TimerService::reloadProject - List retrieved from backend, size: %d', 2,Chrome 31.0.1650 (Mac OS X 10.9.0) LOG: LOG
 'PersonService::getActiveProjectId - No active project',Chrome 31.0.1650 (Mac OS X 10.9.0) LOG: LOG
 'BROADCAST: onProjectsRefreshed',Chrome 31.0.1650 (Mac OS X 10.9.0) LOG: LOG
 'init list',Chrome 31.0.1650 (Mac OS X 10.9.0) LOG: LOG
 'TimerService::getProject(id [%d])', 302,Chrome 31.0.1650 (Mac OS X 10.9.0) LOG: LOG
 'TimerService::reloadProject',Chrome 31.0.1650 (Mac OS X 10.9.0) LOG: LOG
 'TimerService::reloadProject - List retrieved from backend, size: %d', 2,Chrome 31.0.1650 (Mac OS X 10.9.0) LOG: LOG
 'PersonService::getActiveProjectId - No active project',Chrome 31.0.1650 (Mac OS X 10.9.0) LOG: LOG
 'BROADCAST: onProjectsRefreshed',Chrome 31.0.1650 (Mac OS X 10.9.0) LOG: LOG
 'init list',Chrome 31.0.1650 (Mac OS X 10.9.0) LOG: LOG
 'TimerService::getProject(id [%d])', 302,Chrome 31.0.1650 (Mac OS X 10.9.0) LOG: LOG
 'TimerService::remove(name: [%s], id: [%d])', 'Project B', 302,Chrome 31.0.1650 (Mac OS X 10.9.0) LOG: LOG
 'Project deleted from backend',Chrome 31.0.1650 (Mac OS X 10.9.0) LOG: LOG
 'Removing project at index %d', 1,Chrome 31.0.1650 (Mac OS X 10.9.0) LOG: LOG
 'TimerService::getProject(id [%d])', 302,Chrome 31.0.1650 (Mac OS X 10.9.0) LOG: LOG
 'TimerService::reloadProject',Chrome 31.0.1650 (Mac OS X 10.9.0) LOG: LOG
 'TimerService::reloadProject - List retrieved from backend, size: %d', 2,Chrome 31.0.1650 (Mac OS X 10.9.0) LOG: LOG
 'PersonService::getActiveProjectId - No active project',Chrome 31.0.1650 (Mac OS X 10.9.0) LOG: LOG
 'BROADCAST: onProjectsRefreshed',Chrome 31.0.1650 (Mac OS X 10.9.0) LOG: LOG
 'init list',Chrome 31.0.1650 (Mac OS X 10.9.0) LOG: LOG
 'TimerService::getProject(id [%d])', 302,Chrome 31.0.1650 (Mac OS X 10.9.0) LOG: LOG
 'TimerService::updateProject',Chrome 31.0.1650 (Mac OS X 10.9.0) LOG: LOG
 'TimerService::updateProject - Backend updated successfully',Chrome 31.0.1650 (Mac OS X 10.9.0) LOG: LOG
 'BROADCAST: - onProjectUpdated (%d)', 302,Chrome 31.0.1650 (Mac OS X 10.9.0) LOG: LOG
 'TimerService::reloadProject',Chrome 31.0.1650 (Mac OS X 10.9.0) LOG: LOG
 'TimerService::reloadProject - List retrieved from backend, size: %d', 2,Chrome 31.0.1650 (Mac OS X 10.9.0) LOG: LOG
 'PersonService::getActiveProjectId - No active project',Chrome 31.0.1650 (Mac OS X 10.9.0) LOG: LOG
 'BROADCAST: onProjectsRefreshed',Chrome 31.0.1650 (Mac OS X 10.9.0) LOG: LOG
 'init list',Chrome 31.0.1650 (Mac OS X 10.9.0) LOG: LOG
 'updateProject - creating new entry',Chrome 31.0.1650 (Mac OS X 10.9.0) LOG: LOG
 'Updated project successfully at backend. New id is: %s', 302,Chrome 31.0.1650 (Mac OS X 10.9.0) LOG: LOG
 'TimerService::reloadProject',Chrome 31.0.1650 (Mac OS X 10.9.0) LOG: LOG
 'TimerService::reloadProject - List retrieved from backend, size: %d', 2,Chrome 31.0.1650 (Mac OS X 10.9.0) LOG: LOG
 'PersonService::getActiveProjectId - No active project',Chrome 31.0.1650 (Mac OS X 10.9.0) LOG: LOG
 'BROADCAST: onProjectsRefreshed',Chrome 31.0.1650 (Mac OS X 10.9.0) LOG: LOG
 'init list',Chrome 31.0.1650 (Mac OS X 10.9.0) LOG: LOG
 'TimerService::getProject(id [%d])', 302,Chrome 31.0.1650 (Mac OS X 10.9.0) LOG: LOG
 'TimerService::setActive - %d', true,Chrome 31.0.1650 (Mac OS X 10.9.0) LOG: LOG
 'TimerService::getProject(id [%d])', 302,Chrome 31.0.1650 (Mac OS X 10.9.0) LOG: LOG
 'TimerService::getTimeEntries',Chrome 31.0.1650 (Mac OS X 10.9.0) LOG: LOG
 'TimerService::getTimeEntries - List retrieved from backend, size: %d', 2,Chrome 31.0.1650 (Mac OS X 10.9.0) LOG: LOG
 'BROADCAST onTimeEntriesRefreshed',Chrome 31.0.1650 (Mac OS X 10.9.0) LOG: LOG
 'Promise fulfilled, got time entry',Chrome 31.0.1650 (Mac OS X 10.9.0) LOG: LOG
 'TimerService::getTimeEntries',Chrome 31.0.1650 (Mac OS X 10.9.0) LOG: LOG
 'TimerService::getTimeEntries - List retrieved from backend, size: %d', 2,Chrome 31.0.1650 (Mac OS X 10.9.0) LOG: LOG
 'BROADCAST onTimeEntriesRefreshed',Chrome 31.0.1650 (Mac OS X 10.9.0) LOG: LOG
 'Promise fulfilled, got time entry',Chrome 31.0.1650 (Mac OS X 10.9.0) LOG: LOG
 'removeTimeEntry::removeTimeEntry(%s)', 201,Chrome 31.0.1650 (Mac OS X 10.9.0) LOG: LOG
 'removeTimeEntry::removeTimeEntry - OK',Chrome 31.0.1650 (Mac OS X 10.9.0) LOG: LOG
 'BROADCAST: onTimeEntryRemoved(id [%d]', 201,Chrome 31.0.1650 (Mac OS X 10.9.0) LOG: LOG
 'TimerService::getTimeEntries',Chrome 31.0.1650 (Mac OS X 10.9.0) LOG: LOG
 'TimerService::getTimeEntries - List retrieved from backend, size: %d', 1,Chrome 31.0.1650 (Mac OS X 10.9.0) LOG: LOG
 'BROADCAST onTimeEntriesRefreshed',Chrome 31.0.1650 (Mac OS X 10.9.0) LOG: LOG
 'Got time entries from service',Chrome 31.0.1650 (Mac OS X 10.9.0) LOG: LOG
 'TimerService::updateTimeEntry(id: [%d])', 202,Chrome 31.0.1650 (Mac OS X 10.9.0) LOG: LOG
 'TimerService::updateTimeEntry - OK',Chrome 31.0.1650 (Mac OS X 10.9.0) LOG: LOG
 'TimerService::getTimeEntries',Chrome 31.0.1650 (Mac OS X 10.9.0) LOG: LOG
 'TimerService::getTimeEntries - List retrieved from backend, size: %d', 0,Chrome 31.0.1650 (Mac OS X 10.9.0) LOG: LOG
 'BROADCAST onTimeEntriesRefreshed',Chrome 31.0.1650 (Mac OS X 10.9.0) LOG: LOG
 'Got time entries from service',Chrome 31.0.1650 (Mac OS X 10.9.0) LOG: LOG
 'TimerService::updateTimeEntry(id: [%d])', 202,Chrome 31.0.1650 (Mac OS X 10.9.0) LOG: ERROR
 'TimerService::updateTimeEntry - FAILED [%s]', 'Failed to find time entry',Chrome 31.0.1650 (Mac OS X 10.9.0) LOG: LOG
 'Expected failure',Chrome 31.0.1650 (Mac OS X 10.9.0) LOG: LOG
 'TimerService::getTimeEntries',Chrome 31.0.1650 (Mac OS X 10.9.0) LOG: LOG
 'TimerService::getTimeEntries - List retrieved from backend, size: %d', 1,Chrome 31.0.1650 (Mac OS X 10.9.0) LOG: LOG
 'BROADCAST onTimeEntriesRefreshed',Chrome 31.0.1650 (Mac OS X 10.9.0) LOG: LOG
 'Got time entries from service',Chrome 31.0.1650 (Mac OS X 10.9.0) LOG: LOG
 'TimerService::updateTimeEntry(id: [%d])', 202,Chrome 31.0.1650 (Mac OS X 10.9.0) LOG: ERROR
 'TimerService::updateTimeEntry - FAILED [%s]', 'Failed to update the time entry',Chrome 31.0.1650 (Mac OS X 10.9.0) LOG: LOG
 'TimerService::getTimeEntries',Chrome 31.0.1650 (Mac OS X 10.9.0) LOG: LOG
 'TimerService::updateTimeEntry(id: [%d])', 202,Chrome 31.0.1650 (Mac OS X 10.9.0) LOG: ERROR
 'TimerService::updateTimeEntry - FAILED [%s]', 'Failed to find time entry'
]]></system-out>
    <system-err/>
  </testsuite>
</testsuites>
